<h1>1</h1>

<p>A</p>

Tags: <ul><li>a</li><li>b</li></ul>
